Microchip MPLAB XC8 Compiler V2.32

Linker command line:

-W-3 --edf=C:\Program Files\Microchip\xc8\v2.32\pic\dat\en_msgs.txt -cn \
  -h+dist/default/production\Box_RF_DI_NTC_RELAY_SPI.X.production.sym \
  --cmf=dist/default/production\Box_RF_DI_NTC_RELAY_SPI.X.production.cmf -z \
  -Q16F76 -oC:\Users\User\AppData\Local\Temp\xcAs3lc.4 \
  --defsym=__MPLAB_BUILD=1 \
  -Mdist/default/production/Box_RF_DI_NTC_RELAY_SPI.X.production.map -E1 \
  -ver=XC8 Compiler -ASTACK=0110h-016Fh -pstack=STACK -ACODE=00h-07FFhx4 \
  -ASTRCODE=00h-01FFFh -ASTRING=00h-0FFhx32 -ACONST=00h-0FFhx32 \
  -AENTRY=00h-0FFhx32 -ACOMMON=070h-07Fh -ABANK0=020h-06Fh \
  -ABANK1=0A0h-0EFh -ABANK2=0110h-016Fh -ABANK3=0190h-01EFh \
  -ARAM=020h-06Fh,0A0h-0EFh,0110h-016Fh,0190h-01EFh \
  -AABS1=020h-07Fh,0A0h-0EFh,0110h-016Fh,0190h-01EFh -ASFR0=00h-01Fh \
  -ASFR1=080h-09Fh -ASFR2=0100h-010Fh -ASFR3=0180h-018Fh \
  -ACONFIG=02007h-02007h -DCONFIG=2 -AIDLOC=02000h-02003h -DIDLOC=2 \
  -DCODE=2 -DSTRCODE=2 -DSTRING=2 -DCONST=2 -DENTRY=2 \
  -preset_vec=00h,intentry=04h,init,end_init -ppowerup=CODE -pcinit=CODE \
  -pfunctab=ENTRY -k C:\Users\User\AppData\Local\Temp\xcAs3lc.o \
  dist/default/production\Box_RF_DI_NTC_RELAY_SPI.X.production.o 

Object code version is 3.11

Machine type is 16F76



                Name                               Link     Load   Length Selector   Space Scale
C:\Users\User\AppData\Local\Temp\xcAs3lc.o
                end_init                              E        E        3        8       0
                reset_vec                             0        0        3        0       0
                config                             2007     2007        1        0       4
dist/default/production\Box_RF_DI_NTC_RELAY_SPI.X.production.o
                cinit                                11       11       31        8       0
                intentry                              4        4        A        8       0
                text15_split_1                      83E      83E      7C2     107C       0
                config                             2007     2007        1        0       4
                text44                             15F3     15F3       AC     2BE6       0
                text43                             1DF8     1DF8       32     3BF0       0
                text42                             169F     169F       AF     2D3E       0
                text41                             1ED4     1ED4       43     3DA8       0
                text40                             1E5C     1E5C       38     3CB8       0
                text39                             11FC     11FC       1E     23F8       0
                text38                             1C8B     1C8B       15     3916       0
                text37                             1339     1339       7D     2672       0
                text36                             1C28     1C28        7     3850       0
                text35                             1C37     1C37        9     386E       0
                text34                             1C57     1C57       11     38AE       0
                text33                             1C40     1C40        9     3880       0
                text32                             1D9E     1D9E       2D     3B3C       0
                text31                             1CA0     1CA0       16     3940       0
                text30                             1F62     1F62       4F     3EC4       0
                text29                             1CB6     1CB6       19     396C       0
                text28                             1CCF     1CCF       1A     399E       0
                text27                             1FB1     1FB1       4F     3F62       0
                text26                              7CB      7CB       34        8       0
                text25                             121A     121A       59     2434       0
                text24                             1F17     1F17       4B     3E2E       0
                text23                             1C79     1C79       12     38F2       0
                text22                             1C22     1C22        6     3844       0
                text21                              802      802       3C     1004       0
                text20                             1E2A     1E2A       32     3C54       0
                text19                             1D04     1D04       21     3A08       0
                text18                             1C49     1C49        E     3892       0
                text17                               42       42      203        8       0
                text16                             1D72     1D72       2C     3AE4       0
                text15                              41B      41B      115        8       0
                text14                             13B6     13B6       88     276C       0
                text13                             12CD     12CD       6C     259A       0
                text12                             1D47     1D47       2B     3A8E       0
                text11                             1DCB     1DCB       2D     3B96       0
                text10                              530      530      105        8       0
                text9                               718      718       B3        8       0
                text8                              143E     143E       8B     287C       0
                text7                              1E94     1E94       40     3D28       0
                text6                               635      635       E3        8       0
                text5                              155B     155B       98     2AB6       0
                text4                              14C9     14C9       92     2992       0
                text3                              1CE9     1CE9       1B     39D2       0
                text2                              1273     1273       5A     24E6       0
                text1                              174E     174E       B2     2E9C       0
                maintext                            245      245      1D6        8       0
                cstackBANK0                          20       20       50       20       1
                cstackCOMMON                         70       70        A       70       1
                cstackBANK1                          C8       C8       22       A0       1
                clrtext                            1C2F     1C2F        8     385E       0
                inittext                           1C68     1C68       11     38D0       0
                dataBANK3                           190      190       22      190       1
                bssBANK3                            1B2      1B2       20      190       1
                bssBANK1                             A0       A0       28       A0       1
                bitbssBANK1                         750       EA        5       A0       1     8
                dataCOMMON                           7B       7B        2       70       1
                bssCOMMON                            7D       7D        1       70       1
                bitbssCOMMON                        3D0       7A        8       70       1     8
                stringtext                         1000     1000      1FB       20       0
                idataBANK3                         1D25     1D25       22     3A4A       0
                idataCOMMON                         800      800        2     1000       0

TOTAL           Name                               Link     Load   Length     Space
        CLASS   STACK          

        CLASS   CODE           
                end_init                              E        E        3         0
                cinit                                11       11       31         0
                intentry                              4        4        A         0
                reset_vec                             0        0        3         0
                text15_split_1                      83E      83E      7C2         0
                text44                             15F3     15F3       AC         0
                text43                             1DF8     1DF8       32         0
                text42                             169F     169F       AF         0
                text41                             1ED4     1ED4       43         0
                text40                             1E5C     1E5C       38         0
                text39                             11FC     11FC       1E         0
                text38                             1C8B     1C8B       15         0
                text37                             1339     1339       7D         0
                text36                             1C28     1C28        7         0
                text35                             1C37     1C37        9         0
                text34                             1C57     1C57       11         0
                text33                             1C40     1C40        9         0
                text32                             1D9E     1D9E       2D         0
                text31                             1CA0     1CA0       16         0
                text30                             1F62     1F62       4F         0
                text29                             1CB6     1CB6       19         0
                text28                             1CCF     1CCF       1A         0
                text27                             1FB1     1FB1       4F         0
                text26                              7CB      7CB       34         0
                text25                             121A     121A       59         0
                text24                             1F17     1F17       4B         0
                text23                             1C79     1C79       12         0
                text22                             1C22     1C22        6         0
                text21                              802      802       3C         0
                text20                             1E2A     1E2A       32         0
                text19                             1D04     1D04       21         0
                text18                             1C49     1C49        E         0
                text17                               42       42      203         0
                text16                             1D72     1D72       2C         0
                text15                              41B      41B      115         0
                text14                             13B6     13B6       88         0
                text13                             12CD     12CD       6C         0
                text12                             1D47     1D47       2B         0
                text11                             1DCB     1DCB       2D         0
                text10                              530      530      105         0
                text9                               718      718       B3         0
                text8                              143E     143E       8B         0
                text7                              1E94     1E94       40         0
                text6                               635      635       E3         0
                text5                              155B     155B       98         0
                text4                              14C9     14C9       92         0
                text3                              1CE9     1CE9       1B         0
                text2                              1273     1273       5A         0
                text1                              174E     174E       B2         0
                maintext                            245      245      1D6         0
                clrtext                            1C2F     1C2F        8         0
                inittext                           1C68     1C68       11         0
                idataBANK3                         1D25     1D25       22         0
                idataCOMMON                         800      800        2         0

        CLASS   STRCODE        
                stringtext                         1000     1000      1FB         0

        CLASS   STRING         

        CLASS   CONST          

        CLASS   ENTRY          

        CLASS   COMMON         
                cstackCOMMON                         70       70        A         1
                dataCOMMON                           7B       7B        2         1
                bssCOMMON                            7D       7D        1         1
                bitbssCOMMON                        3D0       7A        8         1

        CLASS   BANK0          
                cstackBANK0                          20       20       50         1

        CLASS   BANK1          
                cstackBANK1                          C8       C8       22         1
                bssBANK1                             A0       A0       28         1
                bitbssBANK1                         750       EA        5         1

        CLASS   BANK2          

        CLASS   BANK3          
                dataBANK3                           190      190       22         1
                bssBANK3                            1B2      1B2       20         1

        CLASS   RAM            

        CLASS   ABS1           
                abs_s1                               7E       7E        2         1

        CLASS   SFR0           

        CLASS   SFR1           

        CLASS   SFR2           

        CLASS   SFR3           

        CLASS   CONFIG         
                config                             2007     2007        1         4

        CLASS   IDLOC          

        CLASS   EEDATA         



SEGMENTS        Name                           Load    Length   Top    Selector   Space  Class     Delta

                reset_vec                      000000  000003  000003         0       0  CODE        2
                intentry                       000004  0007FB  0007FF         8       0  CODE        2
                cstackBANK0                    000020  000050  000070        20       1  BANK0       1
                cstackCOMMON                   000070  00000E  00007E        70       1  COMMON      1
                bssBANK1                       0000A0  00004B  0000EB        A0       1  BANK1       1
                dataBANK3                      000190  000042  0001D2       190       1  BANK3       1
                idataCOMMON                    000800  000002  000802      1000       0  CODE        2
                text21                         000802  00003C  00083E      1004       0  CODE        2
                text15_split_1                 00083E  0007C2  001000      107C       0  CODE        2
                stringtext                     001000  0001FB  0011FB        20       0  STRCODE     2
                text39                         0011FC  00001E  00121A      23F8       0  CODE        2
                text25                         00121A  000059  001273      2434       0  CODE        2
                text2                          001273  00005A  0012CD      24E6       0  CODE        2
                text13                         0012CD  00006C  001339      259A       0  CODE        2
                text37                         001339  00007D  0013B6      2672       0  CODE        2
                text14                         0013B6  000088  00143E      276C       0  CODE        2
                text8                          00143E  00008B  0014C9      287C       0  CODE        2
                text4                          0014C9  000092  00155B      2992       0  CODE        2
                text5                          00155B  000098  0015F3      2AB6       0  CODE        2
                text44                         0015F3  0000AC  00169F      2BE6       0  CODE        2
                text42                         00169F  0000AF  00174E      2D3E       0  CODE        2
                text1                          00174E  0000B2  001800      2E9C       0  CODE        2
                text22                         001C22  000006  001C28      3844       0  CODE        2
                text36                         001C28  000007  001C2F      3850       0  CODE        2
                clrtext                        001C2F  000008  001C37      385E       0  CODE        2
                text35                         001C37  000009  001C40      386E       0  CODE        2
                text33                         001C40  000009  001C49      3880       0  CODE        2
                text18                         001C49  00000E  001C57      3892       0  CODE        2
                text34                         001C57  000011  001C68      38AE       0  CODE        2
                inittext                       001C68  000011  001C79      38D0       0  CODE        2
                text23                         001C79  000012  001C8B      38F2       0  CODE        2
                text38                         001C8B  000015  001CA0      3916       0  CODE        2
                text31                         001CA0  000016  001CB6      3940       0  CODE        2
                text29                         001CB6  000019  001CCF      396C       0  CODE        2
                text28                         001CCF  00001A  001CE9      399E       0  CODE        2
                text3                          001CE9  00001B  001D04      39D2       0  CODE        2
                text19                         001D04  000021  001D25      3A08       0  CODE        2
                idataBANK3                     001D25  000022  001D47      3A4A       0  CODE        2
                text12                         001D47  00002B  001D72      3A8E       0  CODE        2
                text16                         001D72  00002C  001D9E      3AE4       0  CODE        2
                text32                         001D9E  00002D  001DCB      3B3C       0  CODE        2
                text11                         001DCB  00002D  001DF8      3B96       0  CODE        2
                text43                         001DF8  000032  001E2A      3BF0       0  CODE        2
                text20                         001E2A  000032  001E5C      3C54       0  CODE        2
                text40                         001E5C  000038  001E94      3CB8       0  CODE        2
                text7                          001E94  000040  001ED4      3D28       0  CODE        2
                text41                         001ED4  000043  001F17      3DA8       0  CODE        2
                text24                         001F17  00004B  001F62      3E2E       0  CODE        2
                text30                         001F62  00004F  001FB1      3EC4       0  CODE        2
                text27                         001FB1  00004F  002000      3F62       0  CODE        2


UNUSED ADDRESS RANGES

        Name                Unused          Largest block    Delta
        BANK1            0000EB-0000EF                5           1
        BANK2            000110-00016F               60           1
        BANK3            0001D2-0001EF               1E           1
        CODE             000003-000003                1           2
                         0007FF-0007FF                1
                         0011FB-0011FB                1
                         001800-001C21              422
        CONST            000003-000003                1           2
                         0007FF-0007FF                1
                         0011FB-0011FB                1
                         001800-001C21              100
        ENTRY            000003-000003                1           2
                         0007FF-0007FF                1
                         0011FB-0011FB                1
                         001800-001C21              100
        IDLOC            002000-002003                4           2
        RAM              0000EB-0000EF                5           1
                         000110-00016F               60
                         0001D2-0001EF               1E
        SFR0             000000-00001F               20           1
        SFR1             000080-00009F               20           1
        SFR2             000100-00010F               10           1
        SFR3             000180-00018F               10           1
        STACK            000110-00016F               60           1
        STRCODE          000003-000003                1           2
                         0007FF-0007FF                1
                         0011FB-0011FB                1
                         001800-001C21              422
        STRING           000003-000003                1           2
                         0007FF-0007FF                1
                         0011FB-0011FB                1
                         001800-001C21              100

                                  Symbol Table

?_LCD_StringOnOff                 cstackBANK0  000020
?___awdiv                         cstackBANK0  000020
?___awmod                         cstackBANK0  000029
?___awtoft                        cstackBANK1  0000D2
?___ftadd                         cstackBANK0  000038
?___ftdiv                         cstackBANK0  000054
?___ftmul                         cstackBANK0  000028
?___ftpack                        cstackBANK0  000020
?___fttol                         cstackBANK0  000064
?___lbtoft                        cstackBANK0  000028
?___lwdiv                         cstackBANK0  000020
?___lwmod                         cstackBANK0  000028
?___wmul                          cstackBANK0  000020
?_eval_poly                       cstackBANK0  000045
?_frexp                           cstackBANK0  000020
?_log                             cstackBANK1  0000D6
?_rThermistor                     cstackBANK0  00006C
?_sprintf                         cstackBANK0  00002E
?i1___lwmod                       cstackCOMMON 000070
LCD_SetPos@x                      cstackBANK0  00002D
LCD_SetPos@y                      cstackBANK0  00002C
LCD_StringOnOff@numb              cstackBANK0  000020
LCD_StringOnOff@st                cstackBANK0  000022
LCD_string@i                      cstackBANK0  000032
LCD_string@st                     cstackBANK0  00002E
LCD_string@symbol                 cstackBANK0  000031
SPI_Read@address                  cstackBANK0  000026
SPI_Read@data                     cstackBANK0  00002B
SPI_ReadByte@data                 cstackBANK0  000021
SPI_ReadStatus@status             cstackBANK0  000023
SPI_Write@address                 cstackBANK0  000026
SPI_Write@data                    cstackBANK0  000028
SPI_WriteByte@data                cstackBANK0  000020
SPI_notRDY@notRDY                 cstackBANK0  000025
_ADCON0bits                       (abs)        00001F
_ADCON1bits                       (abs)        00009F
_ADRES                            (abs)        00001E
_Analog                           bssBANK1     0000A4
_GO_DONE                          (abs)        0000FA
_INTCONbits                       (abs)        00000B
_LCD_SetPos                       text28       001CCF
_LCD_StringOnOff                  text29       001CB6
_LCD_clear                        text38       001C8B
_LCD_init                         text37       001339
_LCD_string                       text27       001FB1
_OPTION_REGbits                   (abs)        000081
_PIE1bits                         (abs)        00008C
_PIE2bits                         (abs)        00008D
_PIR1bits                         (abs)        00000C
_PORTA                            (abs)        000005
_PORTAbits                        (abs)        000005
_PORTB                            (abs)        000006
_PORTBbits                        (abs)        000006
_PORTC                            (abs)        000007
_RB3                              (abs)        000033
_RB4                              (abs)        000034
_RB5                              (abs)        000035
_RB6                              (abs)        000036
_RCSTAbits                        (abs)        000018
_SHRIFT                           stringtext   001012
_SPBRG                            (abs)        000099
_SPI_Read                         text32       001D9E
_SPI_Read$1303                    cstackBANK0  000029
_SPI_ReadByte                     text35       001C37
_SPI_ReadStatus                   text34       001C57
_SPI_Write                        text26       0007CB
_SPI_Write$1300                   cstackBANK0  000029
_SPI_WriteByte                    text36       001C28
_SPI_init                         text31       001CA0
_SPI_notRDY                       text33       001C40
_SSPBUF                           (abs)        000013
_SSPCONbits                       (abs)        000014
_SSPSTATbits                      (abs)        000094
_T1CONbits                        (abs)        000010
_T2CONbits                        (abs)        000012
_TMR0                             (abs)        000001
_TMR0_Value                       bssBANK1     0000C2
_TMR1H                            (abs)        00000F
_TMR1L                            (abs)        00000E
_TMR2                             (abs)        000011
_TRISAbits                        (abs)        000085
_TRISBbits                        (abs)        000086
_TRISCbits                        (abs)        000087
_TXSTAbits                        (abs)        000098
__100ms                           bitbssBANK1  000754
__Habs1                           abs1         000000
__Hbank0                          bank0        000000
__Hbank1                          bank1        000000
__Hbank2                          bank2        000000
__Hbank3                          bank3        000000
__HbitbssBANK1                    bitbssBANK1  000000
__HbitbssCOMMON                   bitbssCOMMON 000000
__HbssBANK1                       bssBANK1     000000
__HbssBANK3                       bssBANK3     000000
__HbssCOMMON                      bssCOMMON    000000
__Hcinit                          cinit        000042
__Hclrtext                        clrtext      000000
__Hcode                           code         000000
__Hcommon                         common       000000
__Hconfig                         config       002008
__HcstackBANK0                    cstackBANK0  000000
__HcstackBANK1                    cstackBANK1  000000
__HcstackCOMMON                   cstackCOMMON 000000
__HdataBANK3                      dataBANK3    000000
__HdataCOMMON                     dataCOMMON   000000
__Heeprom_data                    eeprom_data  000000
__Hend_init                       end_init     000011
__Hfunctab                        functab      000000
__HidataBANK3                     idataBANK3   000000
__HidataCOMMON                    idataCOMMON  000000
__Hinit                           init         00000E
__Hinittext                       inittext     000000
__Hintentry                       intentry     00000E
__Hmaintext                       maintext     000000
__Hpowerup                        powerup      000000
__Hram                            ram          000000
__Hreset_vec                      reset_vec    000003
__Hsfr0                           sfr0         000000
__Hsfr1                           sfr1         000000
__Hsfr2                           sfr2         000000
__Hsfr3                           sfr3         000000
__Hspace_0                        (abs)        002000
__Hspace_1                        (abs)        000755
__Hspace_2                        (abs)        000000
__Hspace_3                        (abs)        000000
__Hspace_4                        (abs)        00400F
__Hstack                          stack        000000
__Hstrings                        strings      000000
__Hstringtext                     stringtext   000000
__Htext                           text         000000
__Labs1                           abs1         000000
__Lbank0                          bank0        000000
__Lbank1                          bank1        000000
__Lbank2                          bank2        000000
__Lbank3                          bank3        000000
__LbitbssBANK1                    bitbssBANK1  000000
__LbitbssCOMMON                   bitbssCOMMON 000000
__LbssBANK1                       bssBANK1     000000
__LbssBANK3                       bssBANK3     000000
__LbssCOMMON                      bssCOMMON    000000
__Lcinit                          cinit        000011
__Lclrtext                        clrtext      000000
__Lcode                           code         000000
__Lcommon                         common       000000
__Lconfig                         config       000000
__LcstackBANK0                    cstackBANK0  000000
__LcstackBANK1                    cstackBANK1  000000
__LcstackCOMMON                   cstackCOMMON 000000
__LdataBANK3                      dataBANK3    000000
__LdataCOMMON                     dataCOMMON   000000
__Leeprom_data                    eeprom_data  000000
__Lend_init                       end_init     00000E
__Lfunctab                        functab      000000
__LidataBANK3                     idataBANK3   000000
__LidataCOMMON                    idataCOMMON  000000
__Linit                           init         00000E
__Linittext                       inittext     000000
__Lintentry                       intentry     000004
__Lmaintext                       maintext     000000
__Lpowerup                        powerup      000000
__Lram                            ram          000000
__Lreset_vec                      reset_vec    000000
__Lsfr0                           sfr0         000000
__Lsfr1                           sfr1         000000
__Lsfr2                           sfr2         000000
__Lsfr3                           sfr3         000000
__Lspace_0                        (abs)        000000
__Lspace_1                        (abs)        000000
__Lspace_2                        (abs)        000000
__Lspace_3                        (abs)        000000
__Lspace_4                        (abs)        000000
__Lstack                          stack        000000
__Lstrings                        strings      000000
__Lstringtext                     stringtext   000000
__Ltext                           text         000000
__MenuArr                         dataBANK3    0001A8
__MenuNav                         dataCOMMON   00007B
__S0                              (abs)        002000
__S1                              (abs)        0001D2
__S2                              (abs)        000000
__SubMenuArr                      dataBANK3    000190
___awdiv                          text25       00121A
___awdiv@counter                  cstackBANK0  000025
___awdiv@dividend                 cstackBANK0  000022
___awdiv@divisor                  cstackBANK0  000020
___awdiv@quotient                 cstackBANK0  000027
___awdiv@sign                     cstackBANK0  000026
___awmod                          text24       001F17
___awmod@counter                  cstackBANK0  00002E
___awmod@dividend                 cstackBANK0  00002B
___awmod@divisor                  cstackBANK0  000029
___awmod@sign                     cstackBANK0  00002F
___awtoft                         text12       001D47
___awtoft@c                       cstackBANK1  0000D2
___awtoft@sign                    cstackBANK1  0000D5
___bmul                           text23       001C79
___bmul@multiplicand              cstackBANK0  000029
___bmul@multiplier                cstackBANK0  00002C
___bmul@product                   cstackBANK0  00002B
___ftadd                          text10       000530
___ftadd@exp1                     cstackBANK0  000044
___ftadd@exp2                     cstackBANK0  000043
___ftadd@f1                       cstackBANK0  000038
___ftadd@f2                       cstackBANK0  00003B
___ftadd@sign                     cstackBANK0  000042
___ftdiv                          text5        00155B
___ftdiv@cntr                     cstackBANK0  00005E
___ftdiv@exp                      cstackBANK0  000062
___ftdiv@f1                       cstackBANK0  000057
___ftdiv@f2                       cstackBANK0  000054
___ftdiv@f3                       cstackBANK0  00005F
___ftdiv@sign                     cstackBANK0  000063
___ftge                           text11       001DCB
___ftge@ff1                       cstackBANK0  000020
___ftge@ff2                       cstackBANK0  000023
___ftmul                          text9        000718
___ftmul@cntr                     cstackBANK0  000036
___ftmul@exp                      cstackBANK0  000032
___ftmul@f1                       cstackBANK0  000028
___ftmul@f2                       cstackBANK0  00002B
___ftmul@f3_as_product            cstackBANK0  000033
___ftmul@sign                     cstackBANK0  000037
___ftpack                         text13       0012CD
___ftpack@arg                     cstackBANK0  000020
___ftpack@exp                     cstackBANK0  000023
___ftpack@sign                    cstackBANK0  000024
___fttol                          text4        0014C9
___fttol@exp1                     cstackBANK1  0000CD
___fttol@f1                       cstackBANK0  000064
___fttol@lval                     cstackBANK1  0000C9
___fttol@sign1                    cstackBANK1  0000C8
___int_sp                         stack        000000
___latbits                        (abs)        000002
___lbtoft                         text3        001CE9
___lbtoft@c                       cstackBANK0  00002F
___lwdiv                          text21       000802
___lwdiv@counter                  cstackBANK0  000027
___lwdiv@dividend                 cstackBANK0  000022
___lwdiv@divisor                  cstackBANK0  000020
___lwdiv@quotient                 cstackBANK0  000025
___lwmod                          text20       001E2A
___lwmod@counter                  cstackBANK0  00002D
___lwmod@dividend                 cstackBANK0  00002A
___lwmod@divisor                  cstackBANK0  000028
___sp                             stack        000000
___stackhi                        (abs)        000000
___stacklo                        (abs)        000000
___wmul                           text19       001D04
___wmul@multiplicand              cstackBANK0  000022
___wmul@multiplier                cstackBANK0  000020
___wmul@product                   cstackBANK0  000024
__cellTwoDigit                    bssBANK1     0000BB
__countSecond                     bssBANK1     0000B6
__countTMR2trigger                bssBANK1     0000C5
__end_of_LCD_SetPos               text28       001CE9
__end_of_LCD_StringOnOff          text29       001CCF
__end_of_LCD_clear                text38       001CA0
__end_of_LCD_init                 text37       0013B6
__end_of_LCD_string               text27       002000
__end_of_SHRIFT                   stringtext   001052
__end_of_SPI_Read                 text32       001DCB
__end_of_SPI_ReadByte             text35       001C40
__end_of_SPI_ReadStatus           text34       001C68
__end_of_SPI_Write                text26       0007FF
__end_of_SPI_WriteByte            text36       001C2F
__end_of_SPI_init                 text31       001CB6
__end_of_SPI_notRDY               text33       001C49
__end_of___awdiv                  text25       001273
__end_of___awmod                  text24       001F62
__end_of___awtoft                 text12       001D72
__end_of___bmul                   text23       001C8B
__end_of___ftadd                  text10       000635
__end_of___ftdiv                  text5        0015F3
__end_of___ftge                   text11       001DF8
__end_of___ftmul                  text9        0007CB
__end_of___ftpack                 text13       001339
__end_of___fttol                  text4        00155B
__end_of___lbtoft                 text3        001D04
__end_of___lwdiv                  text21       00083E
__end_of___lwmod                  text20       001E5C
__end_of___wmul                   text19       001D25
__end_of__initialization          cinit        00003E
__end_of__stringtab               stringtext   001012
__end_of_dpowers                  stringtext   00105C
__end_of_eval_poly                text8        0014C9
__end_of_fACP                     text30       001FB1
__end_of_fEraseString             text22       001C28
__end_of_fInterruptRecieveDevice  text44       00169F
__end_of_fMenuStrip               text15_split_1 001000
__end_of_fShiftData               text41       001F17
__end_of_frexp                    text7        001ED4
__end_of_init                     text14       00143E
__end_of_isdigit                  text18       001C57
__end_of_linkup                   text42       00174E
__end_of_log                      text6        000718
__end_of_main                     maintext     00041B
__end_of_rTemperature             text1        001800
__end_of_rThermistor              text2        0012CD
__end_of_sendbyte                 text39       00121A
__end_of_sendhalfbyte             text40       001E94
__end_of_sprintf                  text17       000245
__end_of_strcat                   text16       001D9E
__end_ofi1___lwmod                text43       001E2A
__end_oflog@coeff                 stringtext   001077
__firstCell                       bssBANK1     0000BD
__hour                            bitbssBANK1  000750
__initialization                  cinit        000011
__minute                          bitbssCOMMON 0003D6
__pbitbssBANK1                    bitbssBANK1  000750
__pbitbssCOMMON                   bitbssCOMMON 0003D0
__pbssBANK1                       bssBANK1     0000A0
__pbssBANK3                       bssBANK3     0001B2
__pbssCOMMON                      bssCOMMON    00007D
__pcstackBANK0                    cstackBANK0  000020
__pcstackBANK1                    cstackBANK1  0000C8
__pcstackCOMMON                   cstackCOMMON 000070
__pdataBANK3                      dataBANK3    000190
__pdataCOMMON                     dataCOMMON   00007B
__pidataBANK3                     idataBANK3   001D25
__pidataCOMMON                    idataCOMMON  000800
__pintentry                       intentry     000004
__pmaintext                       maintext     000245
__pstringtext                     stringtext   001000
__ptext1                          text1        00174E
__ptext10                         text10       000530
__ptext11                         text11       001DCB
__ptext12                         text12       001D47
__ptext13                         text13       0012CD
__ptext14                         text14       0013B6
__ptext15                         text15       00041B
__ptext16                         text16       001D72
__ptext17                         text17       000042
__ptext18                         text18       001C49
__ptext19                         text19       001D04
__ptext2                          text2        001273
__ptext20                         text20       001E2A
__ptext21                         text21       000802
__ptext22                         text22       001C22
__ptext23                         text23       001C79
__ptext24                         text24       001F17
__ptext25                         text25       00121A
__ptext26                         text26       0007CB
__ptext27                         text27       001FB1
__ptext28                         text28       001CCF
__ptext29                         text29       001CB6
__ptext3                          text3        001CE9
__ptext30                         text30       001F62
__ptext31                         text31       001CA0
__ptext32                         text32       001D9E
__ptext33                         text33       001C40
__ptext34                         text34       001C57
__ptext35                         text35       001C37
__ptext36                         text36       001C28
__ptext37                         text37       001339
__ptext38                         text38       001C8B
__ptext39                         text39       0011FC
__ptext4                          text4        0014C9
__ptext40                         text40       001E5C
__ptext41                         text41       001ED4
__ptext42                         text42       00169F
__ptext43                         text43       001DF8
__ptext44                         text44       0015F3
__ptext5                          text5        00155B
__ptext6                          text6        000635
__ptext7                          text7        001E94
__ptext8                          text8        00143E
__ptext9                          text9        000718
__second                          bitbssCOMMON 0003D7
__secondCell                      bssBANK1     0000BC
__settingTimeImpDO1               bssBANK1     0000B4
__settingTimerOffDO2              bssBANK1     0000B0
__settingTimerOnDO2               bssBANK1     0000B2
__settingsBit                     bssBANK1     0000C4
__size_of_LCD_SetPos              (abs)        000000
__size_of_LCD_StringOnOff         (abs)        000000
__size_of_LCD_clear               (abs)        000000
__size_of_LCD_init                (abs)        000000
__size_of_LCD_string              (abs)        000000
__size_of_SPI_Read                (abs)        000000
__size_of_SPI_ReadByte            (abs)        000000
__size_of_SPI_ReadStatus          (abs)        000000
__size_of_SPI_Write               (abs)        000000
__size_of_SPI_WriteByte           (abs)        000000
__size_of_SPI_init                (abs)        000000
__size_of_SPI_notRDY              (abs)        000000
__size_of___awdiv                 (abs)        000000
__size_of___awmod                 (abs)        000000
__size_of___awtoft                (abs)        000000
__size_of___bmul                  (abs)        000000
__size_of___ftadd                 (abs)        000000
__size_of___ftdiv                 (abs)        000000
__size_of___ftge                  (abs)        000000
__size_of___ftmul                 (abs)        000000
__size_of___ftpack                (abs)        000000
__size_of___fttol                 (abs)        000000
__size_of___lbtoft                (abs)        000000
__size_of___lwdiv                 (abs)        000000
__size_of___lwmod                 (abs)        000000
__size_of___wmul                  (abs)        000000
__size_of_eval_poly               (abs)        000000
__size_of_fACP                    (abs)        000000
__size_of_fEraseString            (abs)        000000
__size_of_fInterruptRecieveDevice (abs)        000000
__size_of_fMenuStrip              (abs)        000000
__size_of_fShiftData              (abs)        000000
__size_of_frexp                   (abs)        000000
__size_of_init                    (abs)        000000
__size_of_isdigit                 (abs)        000000
__size_of_linkup                  (abs)        000000
__size_of_log                     (abs)        000000
__size_of_main                    (abs)        000000
__size_of_rTemperature            (abs)        000000
__size_of_rThermistor             (abs)        000000
__size_of_sendbyte                (abs)        000000
__size_of_sendhalfbyte            (abs)        000000
__size_of_sprintf                 (abs)        000000
__size_of_strcat                  (abs)        000000
__size_ofi1___lwmod               (abs)        000000
__stringbase                      stringtext   001012
__stringtab                       stringtext   001000
__tempDigit                       bssBANK1     0000AA
__tempPinDO                       bssBANK1     0000C3
__tempTwoDigit                    bssBANK1     0000BA
__timerDO1                        bssBANK1     0000AE
__timerDO2                        bssBANK1     0000AC
_arrCmd                           bssBANK1     0000A0
_cQuantity                        bssBANK1     0000C0
_cTMR0                            bssBANK1     0000C1
_carrCmd                          bssBANK1     0000BF
_dpowers                          stringtext   001052
_errno                            bssBANK1     0000A8
_eval_poly                        text8        00143E
_fACP                             text30       001F62
_fEraseString                     text22       001C22
_fInterruptRecieveDevice          text44       0015F3
_fMenuStrip                       text15       00041B
_fShiftData                       text41       001ED4
_flClearLCD                       bitbssCOMMON 0003D1
_flDO1                            bitbssCOMMON 0003D5
_flMenuStrip                      bssBANK1     0000BE
_flModeStep                       bssCOMMON    00007D
_flStartBitRecieve                bitbssCOMMON 0003D4
_flStopBitRecieve                 bitbssCOMMON 0003D3
_flSwitchButton                   bitbssCOMMON 0003D0
_flUpdate                         bitbssCOMMON 0003D2
_frexp                            text7        001E94
_init                             text14       0013B6
_isdigit                          text18       001C49
_isdigit$1558                     cstackBANK0  000020
_linkup                           text42       00169F
_log                              text6        000635
_main                             maintext     000245
_rTemperature                     text1        00174E
_rTemperature$1769                cstackBANK1  0000DC
_rTemperature$1770                cstackBANK1  0000DF
_rTemperature$1771                cstackBANK1  0000E2
_rThermistor                      text2        001273
_sendbyte                         text39       0011FC
_sendhalfbyte                     text40       001E5C
_sprintf                          text17       000042
_str                              bssBANK3     0001C2
_str2                             bssBANK3     0001B2
_strcat                           text16       001D72
_temperatureAI1                   bssBANK1     0000B9
_temperatureAI2                   bssBANK1     0000B8
btemp                             (abs)        00007E
clear_ram0                        clrtext      001C2F
end_of_initialization             cinit        00003E
eval_poly@d                       cstackBANK0  000048
eval_poly@n                       cstackBANK0  00004A
eval_poly@res                     cstackBANK0  000051
eval_poly@x                       cstackBANK0  000045
fEraseString@string               cstackBANK0  000020
fShiftData@i                      cstackBANK0  000025
fShiftData@shiftVar               cstackBANK0  000022
fShiftData@shiftVariable          cstackBANK0  000023
frexp@eptr                        cstackBANK0  000023
frexp@value                       cstackBANK0  000020
i1___lwmod                        text43       001DF8
i1___lwmod@counter                cstackCOMMON 000075
i1___lwmod@dividend               cstackCOMMON 000072
i1___lwmod@divisor                cstackCOMMON 000070
init_fetch0                       inittext     001C68
init_ram0                         inittext     001C6C
interrupt_function                intentry     000004
intlevel0                         functab      000000
intlevel1                         functab      000000
intlevel2                         functab      000000
intlevel3                         functab      000000
intlevel4                         functab      000000
intlevel5                         functab      000000
isdigit@c                         cstackBANK0  000021
log@coeff                         stringtext   00105C
log@exponent                      cstackBANK1  0000DA
log@x                             cstackBANK1  0000D6
main@SPI_i                        cstackBANK1  0000E9
pnum$text15                       (abs)        000021
pnum$text15_split_1               (abs)        000041
psplit$0                          (abs)        210041
rTemperature@analogAI             cstackBANK1  0000E5
rThermistor@A                     cstackBANK1  0000CE
rThermistor@analogAI              cstackBANK1  0000D1
reset_vec                         reset_vec    000000
saved_w                           (abs)        00007E
sendbyte@c                        cstackBANK0  00002B
sendbyte@hb                       cstackBANK0  00002A
sendbyte@mode                     cstackBANK0  000028
sendhalfbyte@c                    cstackBANK0  000027
sprintf@ap                        cstackBANK0  000041
sprintf@c                         cstackBANK0  000048
sprintf@cp                        cstackBANK0  00003E
sprintf@f                         cstackBANK0  00002E
sprintf@flag                      cstackBANK0  000040
sprintf@len                       cstackBANK0  000042
sprintf@prec                      cstackBANK0  00003D
sprintf@sp                        cstackBANK0  000049
sprintf@val                       cstackBANK0  000044
sprintf@width                     cstackBANK0  000046
start                             init         00000E
start_initialization              cinit        000011
strcat@cp                         cstackBANK0  000023
strcat@from                       cstackBANK0  000020
strcat@to                         cstackBANK0  000024
wtemp0                            (abs)        00007E


MODULE INFORMATION

Module		Function		Class		Link	Load	Size
C:\Program Files\Microchip\xc8\v2.32\pic\sources\c90\common\Umul8.c
		___bmul        		CODE           	1C79	0000	18

C:\Program Files\Microchip\xc8\v2.32\pic\sources\c90\common\Umul8.c estimated size: 18

C:\Program Files\Microchip\xc8\v2.32\pic\sources\c90\common\log.c
		_log           		CODE           	0635	0000	227

C:\Program Files\Microchip\xc8\v2.32\pic\sources\c90\common\log.c estimated size: 227

C:\Program Files\Microchip\xc8\v2.32\pic\sources\c90\common\evalpoly.c
		_eval_poly     		CODE           	143E	0000	139

C:\Program Files\Microchip\xc8\v2.32\pic\sources\c90\common\evalpoly.c estimated size: 139

Bb_device.c
		_fInterruptRecieveDevice		CODE           	15F3	0000	172

Bb_device.c estimated size: 172

C:\Program Files\Microchip\xc8\v2.32\pic\sources\c90\common\isdigit.c
		_isdigit       		CODE           	1C49	0000	14

C:\Program Files\Microchip\xc8\v2.32\pic\sources\c90\common\isdigit.c estimated size: 14

C:\Program Files\Microchip\xc8\v2.32\pic\sources\c90\common\strcat.c
		_strcat        		CODE           	1D72	0000	44

C:\Program Files\Microchip\xc8\v2.32\pic\sources\c90\common\strcat.c estimated size: 44

C:\Program Files\Microchip\xc8\v2.32\pic\sources\c90\common\ftge.c
		___ftge        		CODE           	1DCB	0000	45

C:\Program Files\Microchip\xc8\v2.32\pic\sources\c90\common\ftge.c estimated size: 45

C:\Program Files\Microchip\xc8\v2.32\pic\sources\c90\common\awtoft.c
		___awtoft      		CODE           	1D47	0000	43

C:\Program Files\Microchip\xc8\v2.32\pic\sources\c90\common\awtoft.c estimated size: 43

C:\Program Files\Microchip\xc8\v2.32\pic\sources\c90\common\lbtoft.c
		___lbtoft      		CODE           	1CE9	0000	27

C:\Program Files\Microchip\xc8\v2.32\pic\sources\c90\common\lbtoft.c estimated size: 27

newmain.c
		_linkup        		CODE           	169F	0000	175
		_main          		CODE           	0245	0000	470
		_fACP          		CODE           	1F62	0000	79

newmain.c estimated size: 724

C:\Program Files\Microchip\xc8\v2.32\pic\sources\c90\common\frexp.c
		_frexp         		CODE           	1E94	0000	64

C:\Program Files\Microchip\xc8\v2.32\pic\sources\c90\common\frexp.c estimated size: 64

C:\Program Files\Microchip\xc8\v2.32\pic\sources\c90\common\float.c
		___ftpack      		CODE           	12CD	0000	108

C:\Program Files\Microchip\xc8\v2.32\pic\sources\c90\common\float.c estimated size: 108

config.c
		_init          		CODE           	13B6	0000	136
		_fEraseString  		CODE           	1C22	0000	6

config.c estimated size: 142

C:\Program Files\Microchip\xc8\v2.32\pic\sources\c90\common\lwmod.c
		___lwmod       		CODE           	1E2A	0000	50

C:\Program Files\Microchip\xc8\v2.32\pic\sources\c90\common\lwmod.c estimated size: 50

C:\Program Files\Microchip\xc8\v2.32\pic\sources\c90\common\ftmul.c
		___ftmul       		CODE           	0718	0000	179

C:\Program Files\Microchip\xc8\v2.32\pic\sources\c90\common\ftmul.c estimated size: 179

C:\Program Files\Microchip\xc8\v2.32\pic\sources\c90\common\awmod.c
		___awmod       		CODE           	1F17	0000	75

C:\Program Files\Microchip\xc8\v2.32\pic\sources\c90\common\awmod.c estimated size: 75

C:\Program Files\Microchip\xc8\v2.32\pic\sources\c90\common\ftdiv.c
		___ftdiv       		CODE           	155B	0000	152

C:\Program Files\Microchip\xc8\v2.32\pic\sources\c90\common\ftdiv.c estimated size: 152

shared
		__stringtab    		STRCODE        	1000	0000	18
		_SHRIFT        		STRCODE        	1012	0000	64
		_dpowers       		STRCODE        	1052	0000	10
		i1___lwmod     		CODE           	1DF8	0000	50
		__initialization		CODE           	0011	0000	45
		log@coeff      		STRCODE        	105C	0000	27

shared estimated size: 214

shift_registr.c
		_fShiftData    		CODE           	1ED4	0000	67

shift_registr.c estimated size: 67

menu.c
		_fMenuStrip    		CODE           	041B	0000	2263

menu.c estimated size: 2263

lcd.c
		_LCD_clear     		CODE           	1C8B	0000	21
		_sendbyte      		CODE           	11FC	0000	30
		_LCD_SetPos    		CODE           	1CCF	0000	26
		_sendhalfbyte  		CODE           	1E5C	0000	56
		_LCD_string    		CODE           	1FB1	0000	79
		_LCD_StringOnOff		CODE           	1CB6	0000	25
		_LCD_init      		CODE           	1339	0000	125

lcd.c estimated size: 362

C:\Program Files\Microchip\xc8\v2.32\pic\sources\c90\common\doprnt.c
		_sprintf       		CODE           	0042	0000	515

C:\Program Files\Microchip\xc8\v2.32\pic\sources\c90\common\doprnt.c estimated size: 515

spi_flash.c
		_SPI_init      		CODE           	1CA0	0000	22
		_SPI_Write     		CODE           	07CB	0000	52
		_SPI_WriteByte 		CODE           	1C28	0000	7
		_SPI_Read      		CODE           	1D9E	0000	45
		_SPI_ReadByte  		CODE           	1C37	0000	9
		_SPI_ReadStatus		CODE           	1C57	0000	17
		_SPI_notRDY    		CODE           	1C40	0000	9

spi_flash.c estimated size: 161

temp_ntc.c
		_rTemperature  		CODE           	174E	0000	178
		_rThermistor   		CODE           	1273	0000	90

temp_ntc.c estimated size: 268

C:\Program Files\Microchip\xc8\v2.32\pic\sources\c90\common\fttol.c
		___fttol       		CODE           	14C9	0000	146

C:\Program Files\Microchip\xc8\v2.32\pic\sources\c90\common\fttol.c estimated size: 146

C:\Program Files\Microchip\xc8\v2.32\pic\sources\c90\common\lwdiv.c
		___lwdiv       		CODE           	0802	0000	60

C:\Program Files\Microchip\xc8\v2.32\pic\sources\c90\common\lwdiv.c estimated size: 60

C:\Program Files\Microchip\xc8\v2.32\pic\sources\c90\common\awdiv.c
		___awdiv       		CODE           	121A	0000	89

C:\Program Files\Microchip\xc8\v2.32\pic\sources\c90\common\awdiv.c estimated size: 89

C:\Program Files\Microchip\xc8\v2.32\pic\sources\c90\common\Umul16.c
		___wmul        		CODE           	1D04	0000	33

C:\Program Files\Microchip\xc8\v2.32\pic\sources\c90\common\Umul16.c estimated size: 33

C:\Program Files\Microchip\xc8\v2.32\pic\sources\c90\common\ftadd.c
		___ftadd       		CODE           	0530	0000	261

C:\Program Files\Microchip\xc8\v2.32\pic\sources\c90\common\ftadd.c estimated size: 261

