Microchip MPLAB XC8 Compiler V2.32

Linker command line:

-W-3 --edf=C:\Program Files\Microchip\xc8\v2.32\pic\dat\en_msgs.txt -cn \
  -h+dist/default/production\Box_RF_DI_NTC_RELAY_SPI.X.production.sym \
  --cmf=dist/default/production\Box_RF_DI_NTC_RELAY_SPI.X.production.cmf -z \
  -Q16F76 -oC:\Users\User\AppData\Local\Temp\xcAs7rg.4 \
  --defsym=__MPLAB_BUILD=1 \
  -Mdist/default/production/Box_RF_DI_NTC_RELAY_SPI.X.production.map -E1 \
  -ver=XC8 Compiler -ASTACK=0110h-016Fh -pstack=STACK -ACODE=00h-07FFhx4 \
  -ASTRCODE=00h-01FFFh -ASTRING=00h-0FFhx32 -ACONST=00h-0FFhx32 \
  -AENTRY=00h-0FFhx32 -ACOMMON=070h-07Fh -ABANK0=020h-06Fh \
  -ABANK1=0A0h-0EFh -ABANK2=0110h-016Fh -ABANK3=0190h-01EFh \
  -ARAM=020h-06Fh,0A0h-0EFh,0110h-016Fh,0190h-01EFh \
  -AABS1=020h-07Fh,0A0h-0EFh,0110h-016Fh,0190h-01EFh -ASFR0=00h-01Fh \
  -ASFR1=080h-09Fh -ASFR2=0100h-010Fh -ASFR3=0180h-018Fh \
  -ACONFIG=02007h-02007h -DCONFIG=2 -AIDLOC=02000h-02003h -DIDLOC=2 \
  -DCODE=2 -DSTRCODE=2 -DSTRING=2 -DCONST=2 -DENTRY=2 \
  -preset_vec=00h,intentry=04h,init,end_init -ppowerup=CODE -pcinit=CODE \
  -pfunctab=ENTRY -k C:\Users\User\AppData\Local\Temp\xcAs7rg.o \
  dist/default/production\Box_RF_DI_NTC_RELAY_SPI.X.production.o 

Object code version is 3.11

Machine type is 16F76



                Name                               Link     Load   Length Selector   Space Scale
C:\Users\User\AppData\Local\Temp\xcAs7rg.o
                end_init                              E        E        3        8       0
                reset_vec                             0        0        3        0       0
                config                             2007     2007        1        0       4
dist/default/production\Box_RF_DI_NTC_RELAY_SPI.X.production.o
                cinit                                11       11       31        8       0
                intentry                              4        4        A        8       0
                text15_split_1                      80F      80F      7F1     101E       0
                config                             2007     2007        1        0       4
                text44                             15F3     15F3       AC     2BE6       0
                text43                             1D41     1D41       32     3A82       0
                text42                             169F     169F       AF     2D3E       0
                text41                             1ED4     1ED4       43     3DA8       0
                text40                             1DA5     1DA5       38     3B4A       0
                text39                             1C7E     1C7E       1E     38FC       0
                text38                             1C05     1C05       15     380A       0
                text37                             1339     1339       7D     2672       0
                text36                             1BB0     1BB0        7     3760       0
                text35                             1BBF     1BBF        9     377E       0
                text34                             1BD1     1BD1       11     37A2       0
                text33                             1BC8     1BC8        9     3790       0
                text32                             1DDD     1DDD       3A     3BBA       0
                text31                             1C1A     1C1A       16     3834       0
                text30                             1F62     1F62       4F     3EC4       0
                text29                             1C30     1C30       19     3860       0
                text28                             1C49     1C49       1A     3892       0
                text27                             1FB1     1FB1       4F     3F62       0
                text26                             1E93     1E93       41     3D26       0
                text25                             121A     121A       59     2434       0
                text24                             1F17     1F17       4B     3E2E       0
                text23                             1BF3     1BF3       12     37E6       0
                text22                             1BAA     1BAA        6     3754       0
                text21                             1E17     1E17       3C     3C2E       0
                text20                             1D73     1D73       32     3AE6       0
                text19                             1C9C     1C9C       21     3938       0
                text18                              801      801        E     1002       0
                text17                              24B      24B      203        8       0
                text16                             1CE8     1CE8       2C     39D0       0
                text15                              44E      44E      115        8       0
                text14                             13B6     13B6       88     276C       0
                text13                             12CD     12CD       6C     259A       0
                text12                             1CBD     1CBD       2B     397A       0
                text11                             1D14     1D14       2D     3A28       0
                text10                              563      563      105        8       0
                text9                               74B      74B       B3        8       0
                text8                              143E     143E       8B     287C       0
                text7                              1E53     1E53       40     3CA6       0
                text6                               668      668       E3        8       0
                text5                              155B     155B       98     2AB6       0
                text4                              14C9     14C9       92     2992       0
                text3                              1C63     1C63       1B     38C6       0
                text2                              1273     1273       5A     24E6       0
                text1                              174E     174E       B2     2E9C       0
                maintext                             42       42      209        8       0
                cstackBANK0                          20       20       50       20       1
                cstackCOMMON                         70       70        A       70       1
                cstackBANK1                          C8       C8       23       A0       1
                clrtext                            1BB7     1BB7        8     376E       0
                inittext                           1BE2     1BE2       11     37C4       0
                dataBANK3                           190      190       22      190       1
                bssBANK3                            1B2      1B2       20      190       1
                bssBANK1                             A0       A0       28       A0       1
                bitbssBANK1                         758       EB        5       A0       1     8
                dataCOMMON                           7B       7B        2       70       1
                bssCOMMON                            7D       7D        1       70       1
                bitbssCOMMON                        3D0       7A        8       70       1     8
                stringtext                         1000     1000      1F3       20       0
                idataBANK3                         11F8     11F8       22     23F0       0
                idataCOMMON                         7FE      7FE        2        8       0

TOTAL           Name                               Link     Load   Length     Space
        CLASS   STACK          

        CLASS   CODE           
                end_init                              E        E        3         0
                cinit                                11       11       31         0
                intentry                              4        4        A         0
                reset_vec                             0        0        3         0
                text15_split_1                      80F      80F      7F1         0
                text44                             15F3     15F3       AC         0
                text43                             1D41     1D41       32         0
                text42                             169F     169F       AF         0
                text41                             1ED4     1ED4       43         0
                text40                             1DA5     1DA5       38         0
                text39                             1C7E     1C7E       1E         0
                text38                             1C05     1C05       15         0
                text37                             1339     1339       7D         0
                text36                             1BB0     1BB0        7         0
                text35                             1BBF     1BBF        9         0
                text34                             1BD1     1BD1       11         0
                text33                             1BC8     1BC8        9         0
                text32                             1DDD     1DDD       3A         0
                text31                             1C1A     1C1A       16         0
                text30                             1F62     1F62       4F         0
                text29                             1C30     1C30       19         0
                text28                             1C49     1C49       1A         0
                text27                             1FB1     1FB1       4F         0
                text26                             1E93     1E93       41         0
                text25                             121A     121A       59         0
                text24                             1F17     1F17       4B         0
                text23                             1BF3     1BF3       12         0
                text22                             1BAA     1BAA        6         0
                text21                             1E17     1E17       3C         0
                text20                             1D73     1D73       32         0
                text19                             1C9C     1C9C       21         0
                text18                              801      801        E         0
                text17                              24B      24B      203         0
                text16                             1CE8     1CE8       2C         0
                text15                              44E      44E      115         0
                text14                             13B6     13B6       88         0
                text13                             12CD     12CD       6C         0
                text12                             1CBD     1CBD       2B         0
                text11                             1D14     1D14       2D         0
                text10                              563      563      105         0
                text9                               74B      74B       B3         0
                text8                              143E     143E       8B         0
                text7                              1E53     1E53       40         0
                text6                               668      668       E3         0
                text5                              155B     155B       98         0
                text4                              14C9     14C9       92         0
                text3                              1C63     1C63       1B         0
                text2                              1273     1273       5A         0
                text1                              174E     174E       B2         0
                maintext                             42       42      209         0
                clrtext                            1BB7     1BB7        8         0
                inittext                           1BE2     1BE2       11         0
                idataBANK3                         11F8     11F8       22         0
                idataCOMMON                         7FE      7FE        2         0

        CLASS   STRCODE        
                stringtext                         1000     1000      1F3         0

        CLASS   STRING         

        CLASS   CONST          

        CLASS   ENTRY          

        CLASS   COMMON         
                cstackCOMMON                         70       70        A         1
                dataCOMMON                           7B       7B        2         1
                bssCOMMON                            7D       7D        1         1
                bitbssCOMMON                        3D0       7A        8         1

        CLASS   BANK0          
                cstackBANK0                          20       20       50         1

        CLASS   BANK1          
                cstackBANK1                          C8       C8       23         1
                bssBANK1                             A0       A0       28         1
                bitbssBANK1                         758       EB        5         1

        CLASS   BANK2          

        CLASS   BANK3          
                dataBANK3                           190      190       22         1
                bssBANK3                            1B2      1B2       20         1

        CLASS   RAM            

        CLASS   ABS1           
                abs_s1                               7E       7E        2         1

        CLASS   SFR0           

        CLASS   SFR1           

        CLASS   SFR2           

        CLASS   SFR3           

        CLASS   CONFIG         
                config                             2007     2007        1         4

        CLASS   IDLOC          

        CLASS   EEDATA         



SEGMENTS        Name                           Load    Length   Top    Selector   Space  Class     Delta

                reset_vec                      000000  000003  000003         0       0  CODE        2
                intentry                       000004  0007FC  000800         8       0  CODE        2
                cstackBANK0                    000020  000050  000070        20       1  BANK0       1
                cstackCOMMON                   000070  00000E  00007E        70       1  COMMON      1
                bssBANK1                       0000A0  00004C  0000EC        A0       1  BANK1       1
                dataBANK3                      000190  000042  0001D2       190       1  BANK3       1
                text18                         000801  00000E  00080F      1002       0  CODE        2
                text15_split_1                 00080F  0007F1  001000      101E       0  CODE        2
                stringtext                     001000  0001F3  0011F3        20       0  STRCODE     2
                idataBANK3                     0011F8  000022  00121A      23F0       0  CODE        2
                text25                         00121A  000059  001273      2434       0  CODE        2
                text2                          001273  00005A  0012CD      24E6       0  CODE        2
                text13                         0012CD  00006C  001339      259A       0  CODE        2
                text37                         001339  00007D  0013B6      2672       0  CODE        2
                text14                         0013B6  000088  00143E      276C       0  CODE        2
                text8                          00143E  00008B  0014C9      287C       0  CODE        2
                text4                          0014C9  000092  00155B      2992       0  CODE        2
                text5                          00155B  000098  0015F3      2AB6       0  CODE        2
                text44                         0015F3  0000AC  00169F      2BE6       0  CODE        2
                text42                         00169F  0000AF  00174E      2D3E       0  CODE        2
                text1                          00174E  0000B2  001800      2E9C       0  CODE        2
                text22                         001BAA  000006  001BB0      3754       0  CODE        2
                text36                         001BB0  000007  001BB7      3760       0  CODE        2
                clrtext                        001BB7  000008  001BBF      376E       0  CODE        2
                text35                         001BBF  000009  001BC8      377E       0  CODE        2
                text33                         001BC8  000009  001BD1      3790       0  CODE        2
                text34                         001BD1  000011  001BE2      37A2       0  CODE        2
                inittext                       001BE2  000011  001BF3      37C4       0  CODE        2
                text23                         001BF3  000012  001C05      37E6       0  CODE        2
                text38                         001C05  000015  001C1A      380A       0  CODE        2
                text31                         001C1A  000016  001C30      3834       0  CODE        2
                text29                         001C30  000019  001C49      3860       0  CODE        2
                text28                         001C49  00001A  001C63      3892       0  CODE        2
                text3                          001C63  00001B  001C7E      38C6       0  CODE        2
                text39                         001C7E  00001E  001C9C      38FC       0  CODE        2
                text19                         001C9C  000021  001CBD      3938       0  CODE        2
                text12                         001CBD  00002B  001CE8      397A       0  CODE        2
                text16                         001CE8  00002C  001D14      39D0       0  CODE        2
                text11                         001D14  00002D  001D41      3A28       0  CODE        2
                text43                         001D41  000032  001D73      3A82       0  CODE        2
                text20                         001D73  000032  001DA5      3AE6       0  CODE        2
                text40                         001DA5  000038  001DDD      3B4A       0  CODE        2
                text32                         001DDD  00003A  001E17      3BBA       0  CODE        2
                text21                         001E17  00003C  001E53      3C2E       0  CODE        2
                text7                          001E53  000040  001E93      3CA6       0  CODE        2
                text26                         001E93  000041  001ED4      3D26       0  CODE        2
                text41                         001ED4  000043  001F17      3DA8       0  CODE        2
                text24                         001F17  00004B  001F62      3E2E       0  CODE        2
                text30                         001F62  00004F  001FB1      3EC4       0  CODE        2
                text27                         001FB1  00004F  002000      3F62       0  CODE        2


UNUSED ADDRESS RANGES

        Name                Unused          Largest block    Delta
        BANK1            0000EC-0000EF                4           1
        BANK2            000110-00016F               60           1
        BANK3            0001D2-0001EF               1E           1
        CODE             000003-000003                1           2
                         000800-000800                1
                         0011F3-0011F7                5
                         001800-001BA9              3AA
        CONST            000003-000003                1           2
                         000800-000800                1
                         0011F3-0011F7                5
                         001800-001BA9              100
        ENTRY            000003-000003                1           2
                         000800-000800                1
                         0011F3-0011F7                5
                         001800-001BA9              100
        IDLOC            002000-002003                4           2
        RAM              0000EC-0000EF                4           1
                         000110-00016F               60
                         0001D2-0001EF               1E
        SFR0             000000-00001F               20           1
        SFR1             000080-00009F               20           1
        SFR2             000100-00010F               10           1
        SFR3             000180-00018F               10           1
        STACK            000110-00016F               60           1
        STRCODE          000003-000003                1           2
                         000800-000800                1
                         0011F3-0011F7                5
                         001800-001BA9              3AA
        STRING           000003-000003                1           2
                         000800-000800                1
                         0011F3-0011F7                5
                         001800-001BA9              100

                                  Symbol Table

?_LCD_StringOnOff                 cstackBANK0  000020
?___awdiv                         cstackBANK0  000020
?___awmod                         cstackBANK0  000029
?___awtoft                        cstackBANK1  0000D2
?___ftadd                         cstackBANK0  000038
?___ftdiv                         cstackBANK0  000054
?___ftmul                         cstackBANK0  000028
?___ftpack                        cstackBANK0  000020
?___fttol                         cstackBANK0  000064
?___lbtoft                        cstackBANK0  000028
?___lwdiv                         cstackBANK0  000020
?___lwmod                         cstackBANK0  000028
?___wmul                          cstackBANK0  000020
?_eval_poly                       cstackBANK0  000045
?_frexp                           cstackBANK0  000020
?_log                             cstackBANK1  0000D6
?_rThermistor                     cstackBANK0  00006C
?_sprintf                         cstackBANK0  00002E
?i1___lwmod                       cstackCOMMON 000070
LCD_SetPos@x                      cstackBANK0  00002D
LCD_SetPos@y                      cstackBANK0  00002C
LCD_StringOnOff@numb              cstackBANK0  000020
LCD_StringOnOff@st                cstackBANK0  000022
LCD_string@i                      cstackBANK0  000032
LCD_string@st                     cstackBANK0  00002E
LCD_string@symbol                 cstackBANK0  000031
SPI_Read@address                  cstackBANK0  000026
SPI_Read@data                     cstackBANK0  00002D
SPI_ReadByte@data                 cstackBANK0  000021
SPI_ReadStatus@status             cstackBANK0  000023
SPI_Write@address                 cstackBANK0  000026
SPI_Write@data                    cstackBANK0  00002A
SPI_WriteByte@data                cstackBANK0  000020
SPI_notRDY@notRDY                 cstackBANK0  000025
_ADCON0bits                       (abs)        00001F
_ADCON1bits                       (abs)        00009F
_ADRES                            (abs)        00001E
_Analog                           bssBANK1     0000A4
_GO_DONE                          (abs)        0000FA
_INTCONbits                       (abs)        00000B
_LCD_SetPos                       text28       001C49
_LCD_StringOnOff                  text29       001C30
_LCD_clear                        text38       001C05
_LCD_init                         text37       001339
_LCD_string                       text27       001FB1
_OPTION_REGbits                   (abs)        000081
_PIE1bits                         (abs)        00008C
_PIE2bits                         (abs)        00008D
_PIR1bits                         (abs)        00000C
_PORTA                            (abs)        000005
_PORTAbits                        (abs)        000005
_PORTB                            (abs)        000006
_PORTBbits                        (abs)        000006
_PORTC                            (abs)        000007
_RB3                              (abs)        000033
_RB4                              (abs)        000034
_RB5                              (abs)        000035
_RB6                              (abs)        000036
_RCSTAbits                        (abs)        000018
_SHRIFT                           stringtext   001012
_SPBRG                            (abs)        000099
_SPI_Read                         text32       001DDD
_SPI_Read$1327                    cstackBANK0  00002B
_SPI_ReadByte                     text35       001BBF
_SPI_ReadStatus                   text34       001BD1
_SPI_Write                        text26       001E93
_SPI_Write$1324                   cstackBANK0  00002B
_SPI_WriteByte                    text36       001BB0
_SPI_init                         text31       001C1A
_SPI_notRDY                       text33       001BC8
_SSPBUF                           (abs)        000013
_SSPCONbits                       (abs)        000014
_SSPSTATbits                      (abs)        000094
_T1CONbits                        (abs)        000010
_T2CONbits                        (abs)        000012
_TMR0                             (abs)        000001
_TMR0_Value                       bssBANK1     0000C2
_TMR1H                            (abs)        00000F
_TMR1L                            (abs)        00000E
_TMR2                             (abs)        000011
_TRISAbits                        (abs)        000085
_TRISBbits                        (abs)        000086
_TRISCbits                        (abs)        000087
_TXSTAbits                        (abs)        000098
__100ms                           bitbssBANK1  00075C
__Habs1                           abs1         000000
__Hbank0                          bank0        000000
__Hbank1                          bank1        000000
__Hbank2                          bank2        000000
__Hbank3                          bank3        000000
__HbitbssBANK1                    bitbssBANK1  000000
__HbitbssCOMMON                   bitbssCOMMON 000000
__HbssBANK1                       bssBANK1     000000
__HbssBANK3                       bssBANK3     000000
__HbssCOMMON                      bssCOMMON    000000
__Hcinit                          cinit        000042
__Hclrtext                        clrtext      000000
__Hcode                           code         000000
__Hcommon                         common       000000
__Hconfig                         config       002008
__HcstackBANK0                    cstackBANK0  000000
__HcstackBANK1                    cstackBANK1  000000
__HcstackCOMMON                   cstackCOMMON 000000
__HdataBANK3                      dataBANK3    000000
__HdataCOMMON                     dataCOMMON   000000
__Heeprom_data                    eeprom_data  000000
__Hend_init                       end_init     000011
__Hfunctab                        functab      000000
__HidataBANK3                     idataBANK3   000000
__HidataCOMMON                    idataCOMMON  000000
__Hinit                           init         00000E
__Hinittext                       inittext     000000
__Hintentry                       intentry     00000E
__Hmaintext                       maintext     000000
__Hpowerup                        powerup      000000
__Hram                            ram          000000
__Hreset_vec                      reset_vec    000003
__Hsfr0                           sfr0         000000
__Hsfr1                           sfr1         000000
__Hsfr2                           sfr2         000000
__Hsfr3                           sfr3         000000
__Hspace_0                        (abs)        002000
__Hspace_1                        (abs)        00075D
__Hspace_2                        (abs)        000000
__Hspace_3                        (abs)        000000
__Hspace_4                        (abs)        00400F
__Hstack                          stack        000000
__Hstrings                        strings      000000
__Hstringtext                     stringtext   000000
__Htext                           text         000000
__Labs1                           abs1         000000
__Lbank0                          bank0        000000
__Lbank1                          bank1        000000
__Lbank2                          bank2        000000
__Lbank3                          bank3        000000
__LbitbssBANK1                    bitbssBANK1  000000
__LbitbssCOMMON                   bitbssCOMMON 000000
__LbssBANK1                       bssBANK1     000000
__LbssBANK3                       bssBANK3     000000
__LbssCOMMON                      bssCOMMON    000000
__Lcinit                          cinit        000011
__Lclrtext                        clrtext      000000
__Lcode                           code         000000
__Lcommon                         common       000000
__Lconfig                         config       000000
__LcstackBANK0                    cstackBANK0  000000
__LcstackBANK1                    cstackBANK1  000000
__LcstackCOMMON                   cstackCOMMON 000000
__LdataBANK3                      dataBANK3    000000
__LdataCOMMON                     dataCOMMON   000000
__Leeprom_data                    eeprom_data  000000
__Lend_init                       end_init     00000E
__Lfunctab                        functab      000000
__LidataBANK3                     idataBANK3   000000
__LidataCOMMON                    idataCOMMON  000000
__Linit                           init         00000E
__Linittext                       inittext     000000
__Lintentry                       intentry     000004
__Lmaintext                       maintext     000000
__Lpowerup                        powerup      000000
__Lram                            ram          000000
__Lreset_vec                      reset_vec    000000
__Lsfr0                           sfr0         000000
__Lsfr1                           sfr1         000000
__Lsfr2                           sfr2         000000
__Lsfr3                           sfr3         000000
__Lspace_0                        (abs)        000000
__Lspace_1                        (abs)        000000
__Lspace_2                        (abs)        000000
__Lspace_3                        (abs)        000000
__Lspace_4                        (abs)        000000
__Lstack                          stack        000000
__Lstrings                        strings      000000
__Lstringtext                     stringtext   000000
__Ltext                           text         000000
__MenuArr                         dataBANK3    0001A8
__MenuNav                         dataCOMMON   00007B
__S0                              (abs)        002000
__S1                              (abs)        0001D2
__S2                              (abs)        000000
__SubMenuArr                      dataBANK3    000190
___awdiv                          text25       00121A
___awdiv@counter                  cstackBANK0  000025
___awdiv@dividend                 cstackBANK0  000022
___awdiv@divisor                  cstackBANK0  000020
___awdiv@quotient                 cstackBANK0  000027
___awdiv@sign                     cstackBANK0  000026
___awmod                          text24       001F17
___awmod@counter                  cstackBANK0  00002E
___awmod@dividend                 cstackBANK0  00002B
___awmod@divisor                  cstackBANK0  000029
___awmod@sign                     cstackBANK0  00002F
___awtoft                         text12       001CBD
___awtoft@c                       cstackBANK1  0000D2
___awtoft@sign                    cstackBANK1  0000D5
___bmul                           text23       001BF3
___bmul@multiplicand              cstackBANK0  000029
___bmul@multiplier                cstackBANK0  00002C
___bmul@product                   cstackBANK0  00002B
___ftadd                          text10       000563
___ftadd@exp1                     cstackBANK0  000044
___ftadd@exp2                     cstackBANK0  000043
___ftadd@f1                       cstackBANK0  000038
___ftadd@f2                       cstackBANK0  00003B
___ftadd@sign                     cstackBANK0  000042
___ftdiv                          text5        00155B
___ftdiv@cntr                     cstackBANK0  00005E
___ftdiv@exp                      cstackBANK0  000062
___ftdiv@f1                       cstackBANK0  000057
___ftdiv@f2                       cstackBANK0  000054
___ftdiv@f3                       cstackBANK0  00005F
___ftdiv@sign                     cstackBANK0  000063
___ftge                           text11       001D14
___ftge@ff1                       cstackBANK0  000020
___ftge@ff2                       cstackBANK0  000023
___ftmul                          text9        00074B
___ftmul@cntr                     cstackBANK0  000036
___ftmul@exp                      cstackBANK0  000032
___ftmul@f1                       cstackBANK0  000028
___ftmul@f2                       cstackBANK0  00002B
___ftmul@f3_as_product            cstackBANK0  000033
___ftmul@sign                     cstackBANK0  000037
___ftpack                         text13       0012CD
___ftpack@arg                     cstackBANK0  000020
___ftpack@exp                     cstackBANK0  000023
___ftpack@sign                    cstackBANK0  000024
___fttol                          text4        0014C9
___fttol@exp1                     cstackBANK1  0000CD
___fttol@f1                       cstackBANK0  000064
___fttol@lval                     cstackBANK1  0000C9
___fttol@sign1                    cstackBANK1  0000C8
___int_sp                         stack        000000
___latbits                        (abs)        000002
___lbtoft                         text3        001C63
___lbtoft@c                       cstackBANK0  00002F
___lwdiv                          text21       001E17
___lwdiv@counter                  cstackBANK0  000027
___lwdiv@dividend                 cstackBANK0  000022
___lwdiv@divisor                  cstackBANK0  000020
___lwdiv@quotient                 cstackBANK0  000025
___lwmod                          text20       001D73
___lwmod@counter                  cstackBANK0  00002D
___lwmod@dividend                 cstackBANK0  00002A
___lwmod@divisor                  cstackBANK0  000028
___sp                             stack        000000
___stackhi                        (abs)        000000
___stacklo                        (abs)        000000
___wmul                           text19       001C9C
___wmul@multiplicand              cstackBANK0  000022
___wmul@multiplier                cstackBANK0  000020
___wmul@product                   cstackBANK0  000024
__cellTwoDigit                    bssBANK1     0000BB
__countSecond                     bssBANK1     0000B6
__countTMR2trigger                bssBANK1     0000C5
__end_of_LCD_SetPos               text28       001C63
__end_of_LCD_StringOnOff          text29       001C49
__end_of_LCD_clear                text38       001C1A
__end_of_LCD_init                 text37       0013B6
__end_of_LCD_string               text27       002000
__end_of_SHRIFT                   stringtext   001052
__end_of_SPI_Read                 text32       001E17
__end_of_SPI_ReadByte             text35       001BC8
__end_of_SPI_ReadStatus           text34       001BE2
__end_of_SPI_Write                text26       001ED4
__end_of_SPI_WriteByte            text36       001BB7
__end_of_SPI_init                 text31       001C30
__end_of_SPI_notRDY               text33       001BD1
__end_of___awdiv                  text25       001273
__end_of___awmod                  text24       001F62
__end_of___awtoft                 text12       001CE8
__end_of___bmul                   text23       001C05
__end_of___ftadd                  text10       000668
__end_of___ftdiv                  text5        0015F3
__end_of___ftge                   text11       001D41
__end_of___ftmul                  text9        0007FE
__end_of___ftpack                 text13       001339
__end_of___fttol                  text4        00155B
__end_of___lbtoft                 text3        001C7E
__end_of___lwdiv                  text21       001E53
__end_of___lwmod                  text20       001DA5
__end_of___wmul                   text19       001CBD
__end_of__initialization          cinit        00003E
__end_of__stringtab               stringtext   001012
__end_of_dpowers                  stringtext   00105C
__end_of_eval_poly                text8        0014C9
__end_of_fACP                     text30       001FB1
__end_of_fEraseString             text22       001BB0
__end_of_fInterruptRecieveDevice  text44       00169F
__end_of_fMenuStrip               text15_split_1 001000
__end_of_fShiftData               text41       001F17
__end_of_frexp                    text7        001E93
__end_of_init                     text14       00143E
__end_of_isdigit                  text18       00080F
__end_of_linkup                   text42       00174E
__end_of_log                      text6        00074B
__end_of_main                     maintext     00024B
__end_of_rTemperature             text1        001800
__end_of_rThermistor              text2        0012CD
__end_of_sendbyte                 text39       001C9C
__end_of_sendhalfbyte             text40       001DDD
__end_of_sprintf                  text17       00044E
__end_of_strcat                   text16       001D14
__end_ofi1___lwmod                text43       001D73
__end_oflog@coeff                 stringtext   001077
__firstCell                       bssBANK1     0000BD
__hour                            bitbssBANK1  000758
__initialization                  cinit        000011
__minute                          bitbssCOMMON 0003D6
__pbitbssBANK1                    bitbssBANK1  000758
__pbitbssCOMMON                   bitbssCOMMON 0003D0
__pbssBANK1                       bssBANK1     0000A0
__pbssBANK3                       bssBANK3     0001B2
__pbssCOMMON                      bssCOMMON    00007D
__pcstackBANK0                    cstackBANK0  000020
__pcstackBANK1                    cstackBANK1  0000C8
__pcstackCOMMON                   cstackCOMMON 000070
__pdataBANK3                      dataBANK3    000190
__pdataCOMMON                     dataCOMMON   00007B
__pidataBANK3                     idataBANK3   0011F8
__pidataCOMMON                    idataCOMMON  0007FE
__pintentry                       intentry     000004
__pmaintext                       maintext     000042
__pstringtext                     stringtext   001000
__ptext1                          text1        00174E
__ptext10                         text10       000563
__ptext11                         text11       001D14
__ptext12                         text12       001CBD
__ptext13                         text13       0012CD
__ptext14                         text14       0013B6
__ptext15                         text15       00044E
__ptext16                         text16       001CE8
__ptext17                         text17       00024B
__ptext18                         text18       000801
__ptext19                         text19       001C9C
__ptext2                          text2        001273
__ptext20                         text20       001D73
__ptext21                         text21       001E17
__ptext22                         text22       001BAA
__ptext23                         text23       001BF3
__ptext24                         text24       001F17
__ptext25                         text25       00121A
__ptext26                         text26       001E93
__ptext27                         text27       001FB1
__ptext28                         text28       001C49
__ptext29                         text29       001C30
__ptext3                          text3        001C63
__ptext30                         text30       001F62
__ptext31                         text31       001C1A
__ptext32                         text32       001DDD
__ptext33                         text33       001BC8
__ptext34                         text34       001BD1
__ptext35                         text35       001BBF
__ptext36                         text36       001BB0
__ptext37                         text37       001339
__ptext38                         text38       001C05
__ptext39                         text39       001C7E
__ptext4                          text4        0014C9
__ptext40                         text40       001DA5
__ptext41                         text41       001ED4
__ptext42                         text42       00169F
__ptext43                         text43       001D41
__ptext44                         text44       0015F3
__ptext5                          text5        00155B
__ptext6                          text6        000668
__ptext7                          text7        001E53
__ptext8                          text8        00143E
__ptext9                          text9        00074B
__second                          bitbssCOMMON 0003D7
__secondCell                      bssBANK1     0000BC
__settingTimeImpDO1               bssBANK1     0000B4
__settingTimerOffDO2              bssBANK1     0000B0
__settingTimerOnDO2               bssBANK1     0000B2
__settingsBit                     bssBANK1     0000C4
__size_of_LCD_SetPos              (abs)        000000
__size_of_LCD_StringOnOff         (abs)        000000
__size_of_LCD_clear               (abs)        000000
__size_of_LCD_init                (abs)        000000
__size_of_LCD_string              (abs)        000000
__size_of_SPI_Read                (abs)        000000
__size_of_SPI_ReadByte            (abs)        000000
__size_of_SPI_ReadStatus          (abs)        000000
__size_of_SPI_Write               (abs)        000000
__size_of_SPI_WriteByte           (abs)        000000
__size_of_SPI_init                (abs)        000000
__size_of_SPI_notRDY              (abs)        000000
__size_of___awdiv                 (abs)        000000
__size_of___awmod                 (abs)        000000
__size_of___awtoft                (abs)        000000
__size_of___bmul                  (abs)        000000
__size_of___ftadd                 (abs)        000000
__size_of___ftdiv                 (abs)        000000
__size_of___ftge                  (abs)        000000
__size_of___ftmul                 (abs)        000000
__size_of___ftpack                (abs)        000000
__size_of___fttol                 (abs)        000000
__size_of___lbtoft                (abs)        000000
__size_of___lwdiv                 (abs)        000000
__size_of___lwmod                 (abs)        000000
__size_of___wmul                  (abs)        000000
__size_of_eval_poly               (abs)        000000
__size_of_fACP                    (abs)        000000
__size_of_fEraseString            (abs)        000000
__size_of_fInterruptRecieveDevice (abs)        000000
__size_of_fMenuStrip              (abs)        000000
__size_of_fShiftData              (abs)        000000
__size_of_frexp                   (abs)        000000
__size_of_init                    (abs)        000000
__size_of_isdigit                 (abs)        000000
__size_of_linkup                  (abs)        000000
__size_of_log                     (abs)        000000
__size_of_main                    (abs)        000000
__size_of_rTemperature            (abs)        000000
__size_of_rThermistor             (abs)        000000
__size_of_sendbyte                (abs)        000000
__size_of_sendhalfbyte            (abs)        000000
__size_of_sprintf                 (abs)        000000
__size_of_strcat                  (abs)        000000
__size_ofi1___lwmod               (abs)        000000
__stringbase                      stringtext   001012
__stringtab                       stringtext   001000
__tempDigit                       bssBANK1     0000AA
__tempPinDO                       bssBANK1     0000C3
__tempTwoDigit                    bssBANK1     0000BA
__timerDO1                        bssBANK1     0000AE
__timerDO2                        bssBANK1     0000AC
_arrCmd                           bssBANK1     0000A0
_cQuantity                        bssBANK1     0000C0
_cTMR0                            bssBANK1     0000C1
_carrCmd                          bssBANK1     0000BF
_dpowers                          stringtext   001052
_errno                            bssBANK1     0000A8
_eval_poly                        text8        00143E
_fACP                             text30       001F62
_fEraseString                     text22       001BAA
_fInterruptRecieveDevice          text44       0015F3
_fMenuStrip                       text15       00044E
_fShiftData                       text41       001ED4
_flClearLCD                       bitbssCOMMON 0003D1
_flDO1                            bitbssCOMMON 0003D5
_flMenuStrip                      bssBANK1     0000BE
_flModeStep                       bssCOMMON    00007D
_flStartBitRecieve                bitbssCOMMON 0003D4
_flStopBitRecieve                 bitbssCOMMON 0003D3
_flSwitchButton                   bitbssCOMMON 0003D0
_flUpdate                         bitbssCOMMON 0003D2
_frexp                            text7        001E53
_init                             text14       0013B6
_isdigit                          text18       000801
_isdigit$1582                     cstackBANK0  000020
_linkup                           text42       00169F
_log                              text6        000668
_main                             maintext     000042
_rTemperature                     text1        00174E
_rTemperature$1806                cstackBANK1  0000DC
_rTemperature$1807                cstackBANK1  0000DF
_rTemperature$1808                cstackBANK1  0000E2
_rThermistor                      text2        001273
_sendbyte                         text39       001C7E
_sendhalfbyte                     text40       001DA5
_sprintf                          text17       00024B
_str                              bssBANK3     0001C2
_str2                             bssBANK3     0001B2
_strcat                           text16       001CE8
_temperatureAI1                   bssBANK1     0000B9
_temperatureAI2                   bssBANK1     0000B8
btemp                             (abs)        00007E
clear_ram0                        clrtext      001BB7
end_of_initialization             cinit        00003E
eval_poly@d                       cstackBANK0  000048
eval_poly@n                       cstackBANK0  00004A
eval_poly@res                     cstackBANK0  000051
eval_poly@x                       cstackBANK0  000045
fEraseString@string               cstackBANK0  000020
fShiftData@i                      cstackBANK0  000025
fShiftData@shiftVar               cstackBANK0  000022
fShiftData@shiftVariable          cstackBANK0  000023
frexp@eptr                        cstackBANK0  000023
frexp@value                       cstackBANK0  000020
i1___lwmod                        text43       001D41
i1___lwmod@counter                cstackCOMMON 000075
i1___lwmod@dividend               cstackCOMMON 000072
i1___lwmod@divisor                cstackCOMMON 000070
init_fetch0                       inittext     001BE2
init_ram0                         inittext     001BE6
interrupt_function                intentry     000004
intlevel0                         functab      000000
intlevel1                         functab      000000
intlevel2                         functab      000000
intlevel3                         functab      000000
intlevel4                         functab      000000
intlevel5                         functab      000000
isdigit@c                         cstackBANK0  000021
log@coeff                         stringtext   00105C
log@exponent                      cstackBANK1  0000DA
log@x                             cstackBANK1  0000D6
main@SPI_i                        cstackBANK1  0000EA
pnum$text15                       (abs)        000021
pnum$text15_split_1               (abs)        000041
psplit$0                          (abs)        210041
rTemperature@analogAI             cstackBANK1  0000E5
rThermistor@A                     cstackBANK1  0000CE
rThermistor@analogAI              cstackBANK1  0000D1
reset_vec                         reset_vec    000000
saved_w                           (abs)        00007E
sendbyte@c                        cstackBANK0  00002B
sendbyte@hb                       cstackBANK0  00002A
sendbyte@mode                     cstackBANK0  000028
sendhalfbyte@c                    cstackBANK0  000027
sprintf@ap                        cstackBANK0  000041
sprintf@c                         cstackBANK0  000048
sprintf@cp                        cstackBANK0  00003E
sprintf@f                         cstackBANK0  00002E
sprintf@flag                      cstackBANK0  000040
sprintf@len                       cstackBANK0  000042
sprintf@prec                      cstackBANK0  00003D
sprintf@sp                        cstackBANK0  000049
sprintf@val                       cstackBANK0  000044
sprintf@width                     cstackBANK0  000046
start                             init         00000E
start_initialization              cinit        000011
strcat@cp                         cstackBANK0  000023
strcat@from                       cstackBANK0  000020
strcat@to                         cstackBANK0  000024
wtemp0                            (abs)        00007E


MODULE INFORMATION

Module		Function		Class		Link	Load	Size
C:\Program Files\Microchip\xc8\v2.32\pic\sources\c90\common\Umul8.c
		___bmul        		CODE           	1BF3	0000	18

C:\Program Files\Microchip\xc8\v2.32\pic\sources\c90\common\Umul8.c estimated size: 18

C:\Program Files\Microchip\xc8\v2.32\pic\sources\c90\common\log.c
		_log           		CODE           	0668	0000	227

C:\Program Files\Microchip\xc8\v2.32\pic\sources\c90\common\log.c estimated size: 227

C:\Program Files\Microchip\xc8\v2.32\pic\sources\c90\common\evalpoly.c
		_eval_poly     		CODE           	143E	0000	139

C:\Program Files\Microchip\xc8\v2.32\pic\sources\c90\common\evalpoly.c estimated size: 139

Bb_device.c
		_fInterruptRecieveDevice		CODE           	15F3	0000	172

Bb_device.c estimated size: 172

C:\Program Files\Microchip\xc8\v2.32\pic\sources\c90\common\isdigit.c
		_isdigit       		CODE           	0801	0000	14

C:\Program Files\Microchip\xc8\v2.32\pic\sources\c90\common\isdigit.c estimated size: 14

C:\Program Files\Microchip\xc8\v2.32\pic\sources\c90\common\strcat.c
		_strcat        		CODE           	1CE8	0000	44

C:\Program Files\Microchip\xc8\v2.32\pic\sources\c90\common\strcat.c estimated size: 44

C:\Program Files\Microchip\xc8\v2.32\pic\sources\c90\common\ftge.c
		___ftge        		CODE           	1D14	0000	45

C:\Program Files\Microchip\xc8\v2.32\pic\sources\c90\common\ftge.c estimated size: 45

C:\Program Files\Microchip\xc8\v2.32\pic\sources\c90\common\awtoft.c
		___awtoft      		CODE           	1CBD	0000	43

C:\Program Files\Microchip\xc8\v2.32\pic\sources\c90\common\awtoft.c estimated size: 43

C:\Program Files\Microchip\xc8\v2.32\pic\sources\c90\common\lbtoft.c
		___lbtoft      		CODE           	1C63	0000	27

C:\Program Files\Microchip\xc8\v2.32\pic\sources\c90\common\lbtoft.c estimated size: 27

newmain.c
		_linkup        		CODE           	169F	0000	175
		_main          		CODE           	0042	0000	521
		_fACP          		CODE           	1F62	0000	79

newmain.c estimated size: 775

C:\Program Files\Microchip\xc8\v2.32\pic\sources\c90\common\frexp.c
		_frexp         		CODE           	1E53	0000	64

C:\Program Files\Microchip\xc8\v2.32\pic\sources\c90\common\frexp.c estimated size: 64

C:\Program Files\Microchip\xc8\v2.32\pic\sources\c90\common\float.c
		___ftpack      		CODE           	12CD	0000	108

C:\Program Files\Microchip\xc8\v2.32\pic\sources\c90\common\float.c estimated size: 108

config.c
		_init          		CODE           	13B6	0000	136
		_fEraseString  		CODE           	1BAA	0000	6

config.c estimated size: 142

C:\Program Files\Microchip\xc8\v2.32\pic\sources\c90\common\lwmod.c
		___lwmod       		CODE           	1D73	0000	50

C:\Program Files\Microchip\xc8\v2.32\pic\sources\c90\common\lwmod.c estimated size: 50

C:\Program Files\Microchip\xc8\v2.32\pic\sources\c90\common\ftmul.c
		___ftmul       		CODE           	074B	0000	179

C:\Program Files\Microchip\xc8\v2.32\pic\sources\c90\common\ftmul.c estimated size: 179

C:\Program Files\Microchip\xc8\v2.32\pic\sources\c90\common\awmod.c
		___awmod       		CODE           	1F17	0000	75

C:\Program Files\Microchip\xc8\v2.32\pic\sources\c90\common\awmod.c estimated size: 75

C:\Program Files\Microchip\xc8\v2.32\pic\sources\c90\common\ftdiv.c
		___ftdiv       		CODE           	155B	0000	152

C:\Program Files\Microchip\xc8\v2.32\pic\sources\c90\common\ftdiv.c estimated size: 152

shared
		__stringtab    		STRCODE        	1000	0000	18
		_SHRIFT        		STRCODE        	1012	0000	64
		_dpowers       		STRCODE        	1052	0000	10
		i1___lwmod     		CODE           	1D41	0000	50
		__initialization		CODE           	0011	0000	45
		log@coeff      		STRCODE        	105C	0000	27

shared estimated size: 214

shift_registr.c
		_fShiftData    		CODE           	1ED4	0000	67

shift_registr.c estimated size: 67

menu.c
		_fMenuStrip    		CODE           	044E	0000	2310

menu.c estimated size: 2310

lcd.c
		_LCD_clear     		CODE           	1C05	0000	21
		_sendbyte      		CODE           	1C7E	0000	30
		_LCD_SetPos    		CODE           	1C49	0000	26
		_sendhalfbyte  		CODE           	1DA5	0000	56
		_LCD_string    		CODE           	1FB1	0000	79
		_LCD_StringOnOff		CODE           	1C30	0000	25
		_LCD_init      		CODE           	1339	0000	125

lcd.c estimated size: 362

C:\Program Files\Microchip\xc8\v2.32\pic\sources\c90\common\doprnt.c
		_sprintf       		CODE           	024B	0000	515

C:\Program Files\Microchip\xc8\v2.32\pic\sources\c90\common\doprnt.c estimated size: 515

spi_flash.c
		_SPI_init      		CODE           	1C1A	0000	22
		_SPI_Write     		CODE           	1E93	0000	65
		_SPI_WriteByte 		CODE           	1BB0	0000	7
		_SPI_Read      		CODE           	1DDD	0000	58
		_SPI_ReadByte  		CODE           	1BBF	0000	9
		_SPI_ReadStatus		CODE           	1BD1	0000	17
		_SPI_notRDY    		CODE           	1BC8	0000	9

spi_flash.c estimated size: 187

temp_ntc.c
		_rTemperature  		CODE           	174E	0000	178
		_rThermistor   		CODE           	1273	0000	90

temp_ntc.c estimated size: 268

C:\Program Files\Microchip\xc8\v2.32\pic\sources\c90\common\fttol.c
		___fttol       		CODE           	14C9	0000	146

C:\Program Files\Microchip\xc8\v2.32\pic\sources\c90\common\fttol.c estimated size: 146

C:\Program Files\Microchip\xc8\v2.32\pic\sources\c90\common\lwdiv.c
		___lwdiv       		CODE           	1E17	0000	60

C:\Program Files\Microchip\xc8\v2.32\pic\sources\c90\common\lwdiv.c estimated size: 60

C:\Program Files\Microchip\xc8\v2.32\pic\sources\c90\common\awdiv.c
		___awdiv       		CODE           	121A	0000	89

C:\Program Files\Microchip\xc8\v2.32\pic\sources\c90\common\awdiv.c estimated size: 89

C:\Program Files\Microchip\xc8\v2.32\pic\sources\c90\common\Umul16.c
		___wmul        		CODE           	1C9C	0000	33

C:\Program Files\Microchip\xc8\v2.32\pic\sources\c90\common\Umul16.c estimated size: 33

C:\Program Files\Microchip\xc8\v2.32\pic\sources\c90\common\ftadd.c
		___ftadd       		CODE           	0563	0000	261

C:\Program Files\Microchip\xc8\v2.32\pic\sources\c90\common\ftadd.c estimated size: 261

